nohup: ignoring input

  .   ____          _            __ _ _
 /\\ / ___'_ __ _ _(_)_ __  __ _ \ \ \ \
( ( )\___ | '_ | '_| | '_ \/ _` | \ \ \ \
 \\/  ___)| |_)| | | | | || (_| |  ) ) ) )
  '  |____| .__|_| |_|_| |_\__, | / / / /
 =========|_|==============|___/=/_/_/_/

 :: Spring Boot ::                (v3.5.5)

2025-09-30T21:14:48.856+05:30  INFO 15193 --- [LifeSure-Insuarnce-Management-System] [           main] SureInsuarnceManagementSystemApplication : Starting LifeSureInsuarnceManagementSystemApplication v0.0.1-SNAPSHOT using Java 17.0.16 with PID 15193 (/home/linuxuser/Desktop/LifeSure-Insuarnce-Management-System/target/LifeSure-Insuarnce-Management-System-0.0.1-SNAPSHOT.jar started by linuxuser in /home/linuxuser/Desktop/LifeSure-Insuarnce-Management-System)
2025-09-30T21:14:48.862+05:30  INFO 15193 --- [LifeSure-Insuarnce-Management-System] [           main] SureInsuarnceManagementSystemApplication : No active profile set, falling back to 1 default profile: "default"
2025-09-30T21:14:50.185+05:30  INFO 15193 --- [LifeSure-Insuarnce-Management-System] [           main] .s.d.r.c.RepositoryConfigurationDelegate : Bootstrapping Spring Data JPA repositories in DEFAULT mode.
2025-09-30T21:14:50.285+05:30  INFO 15193 --- [LifeSure-Insuarnce-Management-System] [           main] .s.d.r.c.RepositoryConfigurationDelegate : Finished Spring Data repository scanning in 85 ms. Found 2 JPA repository interfaces.
2025-09-30T21:14:51.434+05:30  INFO 15193 --- [LifeSure-Insuarnce-Management-System] [           main] o.s.b.w.embedded.tomcat.TomcatWebServer  : Tomcat initialized with port 8080 (http)
2025-09-30T21:14:51.463+05:30  INFO 15193 --- [LifeSure-Insuarnce-Management-System] [           main] o.apache.catalina.core.StandardService   : Starting service [Tomcat]
2025-09-30T21:14:51.464+05:30  INFO 15193 --- [LifeSure-Insuarnce-Management-System] [           main] o.apache.catalina.core.StandardEngine    : Starting Servlet engine: [Apache Tomcat/10.1.44]
2025-09-30T21:14:51.529+05:30  INFO 15193 --- [LifeSure-Insuarnce-Management-System] [           main] o.a.c.c.C.[Tomcat].[localhost].[/]       : Initializing Spring embedded WebApplicationContext
2025-09-30T21:14:51.533+05:30  INFO 15193 --- [LifeSure-Insuarnce-Management-System] [           main] w.s.c.ServletWebServerApplicationContext : Root WebApplicationContext: initialization completed in 2584 ms
2025-09-30T21:14:52.088+05:30  INFO 15193 --- [LifeSure-Insuarnce-Management-System] [           main] o.hibernate.jpa.internal.util.LogHelper  : HHH000204: Processing PersistenceUnitInfo [name: default]
2025-09-30T21:14:52.240+05:30  INFO 15193 --- [LifeSure-Insuarnce-Management-System] [           main] org.hibernate.Version                    : HHH000412: Hibernate ORM core version 6.6.26.Final
2025-09-30T21:14:52.323+05:30  INFO 15193 --- [LifeSure-Insuarnce-Management-System] [           main] o.h.c.internal.RegionFactoryInitiator    : HHH000026: Second-level cache disabled
2025-09-30T21:14:52.797+05:30  INFO 15193 --- [LifeSure-Insuarnce-Management-System] [           main] o.s.o.j.p.SpringPersistenceUnitInfo      : No LoadTimeWeaver setup: ignoring JPA class transformer
2025-09-30T21:14:52.863+05:30  INFO 15193 --- [LifeSure-Insuarnce-Management-System] [           main] com.zaxxer.hikari.HikariDataSource       : HikariPool-1 - Starting...
2025-09-30T21:14:53.018+05:30  INFO 15193 --- [LifeSure-Insuarnce-Management-System] [           main] com.zaxxer.hikari.pool.HikariPool        : HikariPool-1 - Added connection org.mariadb.jdbc.Connection@ff03361
2025-09-30T21:14:53.021+05:30  INFO 15193 --- [LifeSure-Insuarnce-Management-System] [           main] com.zaxxer.hikari.HikariDataSource       : HikariPool-1 - Start completed.
2025-09-30T21:14:53.140+05:30  INFO 15193 --- [LifeSure-Insuarnce-Management-System] [           main] org.hibernate.orm.connections.pooling    : HHH10001005: Database info:
	Database JDBC URL [Connecting through datasource 'HikariDataSource (HikariPool-1)']
	Database driver: undefined/unknown
	Database version: 12.0.2
	Autocommit mode: undefined/unknown
	Isolation level: undefined/unknown
	Minimum pool size: undefined/unknown
	Maximum pool size: undefined/unknown
2025-09-30T21:14:54.403+05:30  INFO 15193 --- [LifeSure-Insuarnce-Management-System] [           main] o.h.e.t.j.p.i.JtaPlatformInitiator       : HHH000489: No JTA platform available (set 'hibernate.transaction.jta.platform' to enable JTA platform integration)
2025-09-30T21:14:54.454+05:30  INFO 15193 --- [LifeSure-Insuarnce-Management-System] [           main] j.LocalContainerEntityManagerFactoryBean : Initialized JPA EntityManagerFactory for persistence unit 'default'
2025-09-30T21:14:54.839+05:30  WARN 15193 --- [LifeSure-Insuarnce-Management-System] [           main] JpaBaseConfiguration$JpaWebConfiguration : spring.jpa.open-in-view is enabled by default. Therefore, database queries may be performed during view rendering. Explicitly configure spring.jpa.open-in-view to disable this warning
2025-09-30T21:14:54.884+05:30  INFO 15193 --- [LifeSure-Insuarnce-Management-System] [           main] r$InitializeUserDetailsManagerConfigurer : Global AuthenticationManager configured with UserDetailsService bean with name customUserDetailsService
2025-09-30T21:14:55.556+05:30  INFO 15193 --- [LifeSure-Insuarnce-Management-System] [           main] o.s.b.w.embedded.tomcat.TomcatWebServer  : Tomcat started on port 8080 (http) with context path '/'
2025-09-30T21:14:55.578+05:30  INFO 15193 --- [LifeSure-Insuarnce-Management-System] [           main] SureInsuarnceManagementSystemApplication : Started LifeSureInsuarnceManagementSystemApplication in 7.562 seconds (process running for 8.459)
Hibernate: select bu1_0.id,bu1_0.branch_id,bu1_0.email,bu1_0.password,bu1_0.role,bu1_0.username from branch_users bu1_0 where bu1_0.username=?
2025-09-30T21:15:04.551+05:30  INFO 15193 --- [LifeSure-Insuarnce-Management-System] [nio-8080-exec-1] o.a.c.c.C.[Tomcat].[localhost].[/]       : Initializing Spring DispatcherServlet 'dispatcherServlet'
2025-09-30T21:15:04.551+05:30  INFO 15193 --- [LifeSure-Insuarnce-Management-System] [nio-8080-exec-1] o.s.web.servlet.DispatcherServlet        : Initializing Servlet 'dispatcherServlet'
2025-09-30T21:15:04.554+05:30  INFO 15193 --- [LifeSure-Insuarnce-Management-System] [nio-8080-exec-1] o.s.web.servlet.DispatcherServlet        : Completed initialization in 1 ms
2025-09-30T21:19:08.684+05:30  INFO 15193 --- [LifeSure-Insuarnce-Management-System] [ionShutdownHook] o.s.b.w.e.tomcat.GracefulShutdown        : Commencing graceful shutdown. Waiting for active requests to complete
2025-09-30T21:19:08.687+05:30  INFO 15193 --- [LifeSure-Insuarnce-Management-System] [tomcat-shutdown] o.s.b.w.e.tomcat.GracefulShutdown        : Graceful shutdown complete
2025-09-30T21:19:08.694+05:30  INFO 15193 --- [LifeSure-Insuarnce-Management-System] [ionShutdownHook] j.LocalContainerEntityManagerFactoryBean : Closing JPA EntityManagerFactory for persistence unit 'default'
2025-09-30T21:19:08.697+05:30  INFO 15193 --- [LifeSure-Insuarnce-Management-System] [ionShutdownHook] com.zaxxer.hikari.HikariDataSource       : HikariPool-1 - Shutdown initiated...
2025-09-30T21:19:08.700+05:30  INFO 15193 --- [LifeSure-Insuarnce-Management-System] [ionShutdownHook] com.zaxxer.hikari.HikariDataSource       : HikariPool-1 - Shutdown completed.
